{"cuando": "2026-10-05T04:55:52", "accion": "espera", "detalle": {"archivo": "20261005-045551-76", "telegram_s": 0, "cola_s": 1}}
{"cuando": "2026-10-05T04:56:01", "accion": "clasificar", "detalle": {"archivo": "20261005-045551-76", "modelo": "gemma4:e2b-it-qat", "segundos": 9.4, "propuesta": {"tipo": "tarea", "persona": "", "fecha_texto": "", "proyecto": "", "bloqueo": ""}, "fecha_calculada": ""}}
{"cuando": "2026-10-05T04:56:13", "accion": "decision", "detalle": {"archivo": "20261005-045551-76", "decision": "aprobado"}}
{"cuando": "2026-10-05T23:20:02", "accion": "espera", "detalle": {"archivo": "20261005-232002-79", "telegram_s": 0, "cola_s": 0}}
{"cuando": "2026-10-05T23:20:12", "accion": "clasificar", "detalle": {"archivo": "20261005-232002-79", "modelo": "gemma4:e2b-it-qat", "segundos": 9.9, "propuesta": {"tipo": "charla", "persona": "", "fecha_texto": "", "proyecto": "", "bloqueo": "", "animo": "normal"}}}
{"cuando": "2026-10-05T23:20:22", "accion": "voz", "detalle": {"segundos": 10.0, "respaldo": false, "animo": "normal"}}
{"cuando": "2026-10-05T23:20:47", "accion": "espera", "detalle": {"archivo": "20261005-232047-81", "telegram_s": 0, "cola_s": 0}}
{"cuando": "2026-10-05T23:20:54", "accion": "clasificar", "detalle": {"archivo": "20261005-232047-81", "modelo": "gemma4:e2b-it-qat", "segundos": 7.6, "propuesta": {"tipo": "tarea", "persona": "Laura", "fecha_texto": "el jueves", "proyecto": "logo", "bloqueo": "", "animo": "normal"}, "fecha_calculada": "2026-10-08"}}
{"cuando": "2026-10-05T23:21:04", "accion": "voz", "detalle": {"segundos": 9.1, "respaldo": false, "animo": "normal"}}
{"cuando": "2026-10-05T23:21:33", "accion": "espera", "detalle": {"archivo": "20261005-232133-83", "telegram_s": 0, "cola_s": 1}}
{"cuando": "2026-10-05T23:21:40", "accion": "clasificar", "detalle": {"archivo": "20261005-232133-83", "modelo": "gemma4:e2b-it-qat", "segundos": 7.0, "propuesta": {"tipo": "charla", "persona": "", "fecha_texto": "", "proyecto": "", "bloqueo": "", "animo": "agobiado"}}}
{"cuando": "2026-10-05T23:21:48", "accion": "voz", "detalle": {"segundos": 7.8, "respaldo": false, "animo": "agobiado"}}
{"cuando": "2026-10-05T23:22:34", "accion": "espera", "detalle": {"archivo": "20261005-232234-85", "telegram_s": 27, "cola_s": 0}}
{"cuando": "2026-10-05T23:22:41", "accion": "clasificar", "detalle": {"archivo": "20261005-232234-85", "modelo": "gemma4:e2b-it-qat", "segundos": 6.7, "propuesta": {"tipo": "nota", "persona": "", "fecha_texto": "", "proyecto": "", "bloqueo": "", "animo": "normal"}, "fecha_calculada": ""}}
{"cuando": "2026-10-05T23:22:48", "accion": "voz", "detalle": {"segundos": 7.3, "respaldo": false, "animo": "normal"}}
{"cuando": "2026-10-05T23:23:15", "accion": "espera", "detalle": {"archivo": "20261005-232315-87", "telegram_s": 0, "cola_s": 1}}
{"cuando": "2026-10-05T23:23:23", "accion": "clasificar", "detalle": {"archivo": "20261005-232315-87", "modelo": "gemma4:e2b-it-qat", "segundos": 7.2, "propuesta": {"tipo": "charla", "persona": "", "fecha_texto": "", "proyecto": "", "bloqueo": "", "animo": "normal"}}}
{"cuando": "2026-10-05T23:23:31", "accion": "voz", "detalle": {"segundos": 8.0, "respaldo": false, "animo": "normal"}}
{"cuando": "2026-10-05T23:49:46", "accion": "espera", "detalle": {"archivo": "20261005-234946-89", "telegram_s": 0, "cola_s": 1}}
{"cuando": "2026-10-05T23:49:56", "accion": "clasificar", "detalle": {"archivo": "20261005-234946-89", "modelo": "gemma4:e2b-it-qat", "segundos": 9.9, "propuesta": {"tipo": "charla", "persona": "", "fecha_texto": "", "proyecto": "", "bloqueo": "", "animo": "normal"}}}
{"cuando": "2026-10-05T23:50:06", "accion": "voz", "detalle": {"segundos": 10.2, "respaldo": false, "animo": "normal", "tokens_leidos": 772, "reutilizados": 0, "tokens_generados": 22, "seg_carga": 0.0, "respuesta": "Vaya, esta hora no es para tanto relajo. ¿Qué tienes en mente para esta madrugada?"}}
{"cuando": "2026-10-05T23:50:47", "accion": "espera", "detalle": {"archivo": "20261005-235047-91", "telegram_s": 15, "cola_s": 0}}
{"cuando": "2026-10-05T23:50:54", "accion": "clasificar", "detalle": {"archivo": "20261005-235047-91", "modelo": "gemma4:e2b-it-qat", "segundos": 7.3, "propuesta": {"tipo": "tarea", "persona": "Laura", "fecha_texto": "el jueves", "proyecto": "", "bloqueo": "", "animo": "normal"}, "fecha_calculada": "2026-10-08"}}
{"cuando": "2026-10-05T23:51:02", "accion": "voz", "detalle": {"segundos": 8.1, "respaldo": false, "animo": "normal", "tokens_leidos": 814, "reutilizados": 259, "tokens_generados": 17, "seg_carga": 0.0, "respuesta": "Anotado. El jueves a la cara de Laura y el logo listo."}}
{"cuando": "2026-10-05T23:51:16", "accion": "espera", "detalle": {"archivo": "20261005-235116-93", "telegram_s": 0, "cola_s": 0}}
{"cuando": "2026-10-05T23:51:24", "accion": "clasificar", "detalle": {"archivo": "20261005-235116-93", "modelo": "gemma4:e2b-it-qat", "segundos": 7.8, "propuesta": {"tipo": "charla", "persona": "", "fecha_texto": "", "proyecto": "", "bloqueo": "todo atrasado", "animo": "agobiado"}}}
{"cuando": "2026-10-05T23:51:32", "accion": "voz", "detalle": {"segundos": 8.6, "respaldo": false, "animo": "agobiado", "tokens_leidos": 800, "reutilizados": 301, "tokens_generados": 27, "seg_carga": 0.0, "respuesta": "Tranquilo, respira hondo. Deja de agobiarte y concéntrate en lo más urgente ahora mismo."}}
{"cuando": "2026-10-06T00:02:05", "accion": "espera", "detalle": {"archivo": "20261006-000205-95", "telegram_s": 0, "cola_s": 1}}
{"cuando": "2026-10-06T00:02:15", "accion": "clasificar", "detalle": {"archivo": "20261006-000205-95", "modelo": "gemma4:e2b-it-qat", "segundos": 9.9, "propuesta": {"tipo": "charla", "persona": "", "fecha_texto": "", "proyecto": "", "bloqueo": "", "animo": "normal"}}}
{"cuando": "2026-10-06T00:02:21", "accion": "voz", "detalle": {"segundos": 5.6, "respaldo": false, "animo": "normal", "tokens_leidos": 406, "reutilizados": 0, "tokens_generados": 19, "seg_carga": 0.0, "respuesta": "Hola. ¿A que andas mareado hoy o es solo falta de cafeína?"}}
{"cuando": "2026-10-06T00:03:06", "accion": "espera", "detalle": {"archivo": "20261006-000306-97", "telegram_s": 30, "cola_s": 0}}
{"cuando": "2026-10-06T00:03:13", "accion": "clasificar", "detalle": {"archivo": "20261006-000306-97", "modelo": "gemma4:e2b-it-qat", "segundos": 7.1, "propuesta": {"tipo": "tarea", "persona": "Laura", "fecha_texto": "el jueves", "proyecto": "", "bloqueo": "", "animo": "normal"}, "fecha_calculada": "2026-10-08"}}
{"cuando": "2026-10-06T00:04:19", "accion": "chispa", "detalle": {"segundos": 5.1, "aceptada": true, "texto": "Que el logo no se quede colgado el jueves."}}
{"cuando": "2026-10-06T00:04:27", "accion": "espera", "detalle": {"archivo": "20261006-000427-99", "telegram_s": 1, "cola_s": 0}}
{"cuando": "2026-10-06T00:04:34", "accion": "clasificar", "detalle": {"archivo": "20261006-000427-99", "modelo": "gemma4:e2b-it-qat", "segundos": 7.5, "propuesta": {"tipo": "charla", "persona": "", "fecha_texto": "", "proyecto": "", "bloqueo": "todo atrasado", "animo": "agobiado"}}}
{"cuando": "2026-10-06T00:30:35", "accion": "adjunto", "detalle": {"archivo": "20261006-003035-101", "tipo": ".jpg", "bytes": 58753, "con_descripcion": true}}
{"cuando": "2026-10-06T00:30:35", "accion": "espera", "detalle": {"archivo": "20261006-003035-101", "telegram_s": 3, "cola_s": 0}}
{"cuando": "2026-10-06T00:31:45", "accion": "clasificar", "detalle": {"archivo": "20261006-003035-101", "modelo": "gemma4:e2b-it-qat", "segundos": 70.2, "propuesta": {"tipo": "nota", "persona": "", "fecha_texto": "", "proyecto": "Lily", "bloqueo": "", "animo": "normal"}, "fecha_calculada": ""}}
{"cuando": "2026-10-06T00:31:51", "accion": "chispa", "detalle": {"segundos": 5.3, "aceptada": true, "texto": "Que la tipografía no se le escape al estilo."}}
{"cuando": "2026-10-06T00:53:38", "accion": "espera", "detalle": {"archivo": "20261006-005338-103", "telegram_s": 0, "cola_s": 0}}
{"cuando": "2026-10-06T00:53:47", "accion": "clasificar", "detalle": {"archivo": "20261006-005338-103", "modelo": "opencode/fledge-alpha-free", "segundos": 9.2, "propuesta": {"tipo": "charla", "persona": "", "fecha_texto": "", "proyecto": "", "bloqueo": "", "animo": "normal"}}}
{"cuando": "2026-10-06T00:53:50", "accion": "voz", "detalle": {"segundos": 3.1, "respaldo": false, "animo": "normal", "respuesta": "Admiro la dedicación, aunque no el reloj. ¿Las tantas de la madrugada y escribiéndome a mí?"}}
{"cuando": "2026-10-06T00:54:18", "accion": "espera", "detalle": {"archivo": "20261006-005418-105", "telegram_s": 0, "cola_s": 1}}
{"cuando": "2026-10-06T00:54:28", "accion": "clasificar", "detalle": {"archivo": "20261006-005418-105", "modelo": "opencode/fledge-alpha-free", "segundos": 10.0, "propuesta": {"tipo": "charla", "persona": "Donna", "fecha_texto": "", "proyecto": "", "bloqueo": "", "animo": "normal"}}}
{"cuando": "2026-10-06T00:54:37", "accion": "voz", "detalle": {"segundos": 9.0, "respaldo": false, "animo": "normal", "respuesta": "A estas horas no me invento nada: detrás va un modelo de opencode, no una oficina secreta. ¿Seguro que hoy no toca dormir mejor que hacer preguntas filosóficas?"}}
{"cuando": "2026-10-06T00:55:05", "accion": "espera", "detalle": {"archivo": "20261006-005505-107", "telegram_s": 1, "cola_s": 0}}
{"cuando": "2026-10-06T00:55:12", "accion": "clasificar", "detalle": {"archivo": "20261006-005505-107", "modelo": "opencode/fledge-alpha-free", "segundos": 7.6, "propuesta": {"tipo": "charla", "persona": "", "fecha_texto": "", "proyecto": "", "bloqueo": "", "animo": "normal"}}}
{"cuando": "2026-10-06T00:55:22", "accion": "voz", "detalle": {"segundos": 10.0, "respaldo": false, "animo": "normal", "respuesta": "A medianoche me pides mi manual, curioso. Funciono con tus mensajes, un poco de criterio y mucho descaro; ¿me pones a ello, jefe?"}}
{"cuando": "2026-10-06T00:56:02", "accion": "espera", "detalle": {"archivo": "20261006-005602-109", "telegram_s": 0, "cola_s": 1}}
{"cuando": "2026-10-06T00:56:07", "accion": "clasificar", "detalle": {"archivo": "20261006-005602-109", "modelo": "opencode/fledge-alpha-free", "segundos": 4.5, "propuesta": {"tipo": "charla", "persona": "", "fecha_texto": "", "proyecto": "", "bloqueo": "", "animo": "normal"}}}
{"cuando": "2026-10-06T00:56:17", "accion": "voz", "detalle": {"segundos": 9.9, "respaldo": true, "animo": "normal", "respuesta": "Las fotos y capturas las reviso y te ayudo con lo que haga falta, jefe. ¿Y tú, dándole vida a la madrugada otra vez?"}}
{"cuando": "2026-10-06T00:56:24", "accion": "espera", "detalle": {"archivo": "20261006-005624-111", "telegram_s": 0, "cola_s": 1}}
{"cuando": "2026-10-06T00:56:34", "accion": "clasificar", "detalle": {"archivo": "20261006-005624-111", "modelo": "opencode/fledge-alpha-free", "segundos": 9.4, "propuesta": {"tipo": "charla", "persona": "", "fecha_texto": "", "proyecto": "", "bloqueo": "", "animo": "normal"}}}
{"cuando": "2026-10-06T00:56:40", "accion": "voz", "detalle": {"segundos": 6.2, "respaldo": false, "animo": "normal", "respuesta": "Me internaste, jefe. ¿Despertaste a estas horas solo para escribir \"?\"?"}}
{"cuando": "2026-10-06T00:57:11", "accion": "espera", "detalle": {"archivo": "20261006-005711-113", "telegram_s": 1, "cola_s": 0}}
{"cuando": "2026-10-06T00:57:22", "accion": "clasificar", "detalle": {"archivo": "20261006-005711-113", "modelo": "opencode/fledge-alpha-free", "segundos": 11.1, "propuesta": {"tipo": "charla", "persona": "", "fecha_texto": "", "proyecto": "", "bloqueo": "", "animo": "normal"}}}
{"cuando": "2026-10-06T00:57:30", "accion": "voz", "detalle": {"segundos": 8.1, "respaldo": false, "animo": "normal", "respuesta": "Madrugando con proyectos de imagen, respeto tu entusiasmo pero no tu horario. Si me la pasas, la miro y te digo lo que veo, ideas, milongas aparte."}}
{"cuando": "2026-10-06T00:59:34", "accion": "espera", "detalle": {"archivo": "20261006-005934-115", "telegram_s": 0, "cola_s": 0}}
{"cuando": "2026-10-06T00:59:45", "accion": "clasificar", "detalle": {"archivo": "20261006-005934-115", "modelo": "opencode/fledge-alpha-free", "segundos": 11.2, "propuesta": {"tipo": "charla", "persona": "", "fecha_texto": "", "proyecto": "", "bloqueo": "", "animo": "normal"}}}
{"cuando": "2026-10-06T01:00:01", "accion": "voz", "detalle": {"segundos": 15.9, "respaldo": false, "animo": "normal", "respuesta": "Vaya hora para plantearse quién escribe la wiki. Yo solo sonrío y te dejo el teclado libre, jefe."}}
{"cuando": "2026-10-06T01:00:27", "accion": "espera", "detalle": {"archivo": "20261006-010027-117", "telegram_s": 0, "cola_s": 1}}
{"cuando": "2026-10-06T01:00:35", "accion": "clasificar", "detalle": {"archivo": "20261006-010027-117", "modelo": "opencode/fledge-alpha-free", "segundos": 7.9, "propuesta": {"tipo": "charla", "persona": "", "fecha_texto": "", "proyecto": "", "bloqueo": "", "animo": "normal"}}}
{"cuando": "2026-10-06T01:00:45", "accion": "voz", "detalle": {"segundos": 10.2, "respaldo": false, "animo": "normal", "respuesta": "A estas horas ni yo me pongo a hacer cuentas. ¿Consultando el contador a la una de la madrugada?"}}
{"cuando": "2026-10-06T01:02:10", "accion": "espera", "detalle": {"archivo": "20261006-010210-119", "telegram_s": 0, "cola_s": 0}}
{"cuando": "2026-10-06T01:02:19", "accion": "clasificar", "detalle": {"archivo": "20261006-010210-119", "modelo": "opencode/fledge-alpha-free", "segundos": 9.3, "propuesta": {"tipo": "charla", "persona": "", "fecha_texto": "", "proyecto": "", "bloqueo": "", "animo": "normal"}}}
{"cuando": "2026-10-06T01:02:24", "accion": "voz", "detalle": {"segundos": 4.5, "respaldo": false, "animo": "normal", "respuesta": "Dime qué traes, que yo ya estoy por aquí. ¿Madrugando para chatear, jefe?"}}
{"cuando": "2026-10-06T01:12:01", "accion": "espera", "detalle": {"archivo": "20261006-011201-121", "telegram_s": 1, "cola_s": 0}}
{"cuando": "2026-10-06T01:12:06", "accion": "clasificar", "detalle": {"archivo": "20261006-011201-121", "modelo": "opencode/fledge-alpha-free", "segundos": 5.3, "propuesta": {"tipo": "charla", "persona": "", "fecha_texto": "", "proyecto": "", "bloqueo": "", "animo": "normal"}}}
{"cuando": "2026-10-06T01:12:13", "accion": "voz", "detalle": {"segundos": 6.9, "respaldo": false, "animo": "normal", "respuesta": "Me pides los tokens a la 01:12, jefe, qué puntualidad tan teatral. Pues no los veo: el contador anda escondido y yo de momento solo veo tu entusiasmo y tu horario dudoso."}}
{"cuando": "2026-10-06T01:12:46", "accion": "espera", "detalle": {"archivo": "20261006-011246-123", "telegram_s": 0, "cola_s": 1}}
{"cuando": "2026-10-06T01:12:58", "accion": "clasificar", "detalle": {"archivo": "20261006-011246-123", "modelo": "opencode/fledge-alpha-free", "segundos": 11.6, "propuesta": {"tipo": "charla", "persona": "Donna", "fecha_texto": "", "proyecto": "", "bloqueo": "", "animo": "normal"}}}
{"cuando": "2026-10-06T01:13:07", "accion": "voz", "detalle": {"segundos": 9.4, "respaldo": false, "animo": "normal", "respuesta": "Ja, graciosa yo, tú descansas poco si a la una sigues despierto. Que descanses, jefe."}}
{"cuando": "2026-10-06T01:13:46", "accion": "espera", "detalle": {"archivo": "20261006-011346-125", "telegram_s": 0, "cola_s": 0}}
{"cuando": "2026-10-06T01:13:49", "accion": "clasificar", "detalle": {"archivo": "20261006-011346-125", "modelo": "opencode/fledge-alpha-free", "segundos": 3.6, "propuesta": {"tipo": "charla", "persona": "", "fecha_texto": "", "proyecto": "", "bloqueo": "", "animo": "normal"}}}
{"cuando": "2026-10-06T01:13:53", "accion": "voz", "detalle": {"segundos": 3.2, "respaldo": false, "animo": "normal", "respuesta": "Trabajando de tranquis a la 1:13, jefe. ¿Idea brillante o insomnio con estilo?"}}
{"cuando": "2026-10-06T04:33:57", "accion": "espera", "detalle": {"archivo": "20261006-043357-127", "telegram_s": 0, "cola_s": 0}}
{"cuando": "2026-10-06T04:35:14", "accion": "clasificar", "detalle": {"archivo": "20261006-043357-127", "modelo": "opencode/fledge-alpha-free", "segundos": 76.7, "propuesta": {"tipo": "charla", "persona": "Donna", "fecha_texto": "", "proyecto": "", "bloqueo": "", "animo": "normal"}}}
{"cuando": "2026-10-06T04:35:24", "accion": "voz", "detalle": {"segundos": 10.0, "respaldo": false, "animo": "normal", "respuesta": "Las cuatro y media y tú por aquí. Despierta, ¿eh?"}}
{"cuando": "2026-10-06T04:35:41", "accion": "espera", "detalle": {"archivo": "20261006-043541-129", "telegram_s": 0, "cola_s": 1}}
{"cuando": "2026-10-06T04:35:46", "accion": "clasificar", "detalle": {"archivo": "20261006-043541-129", "modelo": "opencode/fledge-alpha-free", "segundos": 4.6, "propuesta": {"tipo": "charla", "persona": "", "fecha_texto": "", "proyecto": "", "bloqueo": "", "animo": "normal"}}}
{"cuando": "2026-10-06T04:36:15", "accion": "voz", "detalle": {"segundos": 29.0, "respaldo": false, "animo": "normal", "respuesta": "Aquí, despierta y lista para ayudarte. A estas horas admiro más la energía que el horario."}}
{"cuando": "2026-10-06T04:36:59", "accion": "espera", "detalle": {"archivo": "20261006-043659-131", "telegram_s": 12, "cola_s": 0}}
{"cuando": "2026-10-06T04:37:22", "accion": "clasificar", "detalle": {"archivo": "20261006-043659-131", "modelo": "opencode/fledge-alpha-free", "segundos": 22.9, "propuesta": {"tipo": "tarea", "persona": "Lily", "fecha_texto": "mañana", "proyecto": "", "bloqueo": "", "animo": "normal"}, "fecha_calculada": "2026-10-07"}}
{"cuando": "2026-10-07T02:24:48", "accion": "espera", "detalle": {"archivo": "20261007-022448-133", "telegram_s": 1, "cola_s": 0}}
{"cuando": "2026-10-07T02:25:21", "accion": "clasificar", "detalle": {"archivo": "20261007-022448-133", "modelo": "opencode/fledge-alpha-free", "segundos": 33.4, "propuesta": {"tipo": "tarea", "persona": "", "fecha_texto": "", "proyecto": "nvidia", "bloqueo": "", "animo": "normal"}, "fecha_calculada": ""}}
{"cuando": "2026-10-07T05:06:37", "accion": "saludo", "detalle": {"archivo": "20261007-050637-135", "via": "banco"}}
{"cuando": "2026-10-07T05:08:10", "accion": "clasificar", "detalle": {"archivo": "20261007-050757-137", "modelo": "gemma4:e2b-it-qat", "segundos": 13.4, "propuesta": {"tipo": "tarea", "persona": "Lily", "fecha_texto": "mañana", "proyecto": "Lily", "bloqueo": "", "animo": "normal"}, "fecha_calculada": "2026-10-08"}}
{"cuando": "2026-10-07T05:09:32", "accion": "clasificar", "detalle": {"archivo": "20261007-050829-139", "modelo": "gemma4:e2b-it-qat", "segundos": 2.4, "propuesta": {"tipo": "charla", "persona": "", "fecha_texto": "", "proyecto": "", "bloqueo": "", "animo": "agobiado"}, "fecha_calculada": ""}}
{"cuando": "2026-10-07T05:09:47", "accion": "clasificar", "detalle": {"archivo": "20261007-050944-141", "modelo": "gemma4:e2b-it-qat", "segundos": 2.3, "propuesta": {"tipo": "idea", "persona": "", "fecha_texto": "", "proyecto": "", "bloqueo": "", "animo": "normal"}, "fecha_calculada": ""}}
{"cuando": "2026-10-07T05:23:26", "accion": "clasificar", "detalle": {"archivo": "20261007-052211-143", "modelo": "gemma4:e2b-it-qat", "segundos": 74.3, "propuesta": {"tipo": "tarea", "persona": "Lily", "fecha_texto": "mañana", "proyecto": "Lily", "bloqueo": "", "animo": "normal"}, "fecha_calculada": "2026-10-08"}}
{"cuando": "2026-10-07T05:27:23", "accion": "clasificar", "detalle": {"archivo": "20261007-052620-145", "modelo": "gemma4:e2b-it-qat", "segundos": 62.4, "propuesta": {"tipo": "charla", "persona": "", "fecha_texto": "", "proyecto": "", "bloqueo": "", "animo": "normal"}, "fecha_calculada": ""}}
{"cuando": "2026-10-07T05:27:29", "accion": "voz", "detalle": {"via": "opencode", "segundos": 6.5, "respuesta": "La serif aporta clase, tradición y buena lectura en textos largos. Bien usada, especialmente en titulares o branding, funciona muy bien."}}
{"cuando": "2026-10-07T05:28:58", "accion": "clasificar", "detalle": {"archivo": "20261007-052755-147", "modelo": "gemma4:e2b-it-qat", "segundos": 2.6, "propuesta": {"tipo": "idea", "persona": "", "fecha_texto": "", "proyecto": "Lily", "bloqueo": "", "animo": "normal"}, "fecha_calculada": ""}}
{"cuando": "2026-10-07T05:53:37", "accion": "clasificar", "detalle": {"archivo": "20261007-055322-149", "modelo": "gemma4:e2b-it-qat", "segundos": 14.2, "propuesta": {"tipo": "tarea", "persona": "Lily", "fecha_texto": "mañana", "proyecto": "Lily", "bloqueo": "", "animo": "normal"}, "fecha_calculada": "2026-10-08"}}
{"cuando": "2026-10-07T05:53:53", "accion": "clasificar", "detalle": {"archivo": "20261007-055351-151", "modelo": "gemma4:e2b-it-qat", "segundos": 1.8, "propuesta": {"tipo": "charla", "persona": "", "fecha_texto": "", "proyecto": "", "bloqueo": "", "animo": "normal"}, "fecha_calculada": ""}}
{"cuando": "2026-10-07T05:54:01", "accion": "voz", "detalle": {"via": "opencode", "segundos": 7.2, "respuesta": "A mí la serif me parece elegante, seria y muy buena para textos largos, sobre todo impresos. En pantalla puede funcionar bien, pero hay que elegir una pensada para digital y revisarla en tamaño real."}}
{"cuando": "2026-10-07T05:54:21", "accion": "telegram_lento", "detalle": {"metodo": "editMessageText", "segundos": 20.8}}
{"cuando": "2026-10-07T05:54:34", "accion": "saludo", "detalle": {"archivo": "20261007-055433-153", "via": "banco"}}
{"cuando": "2026-10-07T06:04:30", "accion": "clasificar", "detalle": {"archivo": "20261007-060415-155", "modelo": "gemma4:e2b-it-qat", "segundos": 14.1, "propuesta": {"tipo": "charla", "persona": "", "fecha_texto": "", "proyecto": "", "bloqueo": "", "animo": "normal"}, "fecha_calculada": ""}}
{"cuando": "2026-10-07T06:04:38", "accion": "voz_error", "detalle": {"via": "opencode", "error": "TimeoutError", "segundos": 8.0}}
{"cuando": "2026-10-07T06:04:40", "accion": "saludo", "detalle": {"archivo": "20261007-060439-157", "via": "banco"}}
{"cuando": "2026-10-07T06:04:45", "accion": "voz", "detalle": {"via": "gemma", "segundos": 6.6, "respuesta": "Buenos días. Espero que tengas un día excelente."}}
{"cuando": "2026-10-07T06:05:28", "accion": "clasificar", "detalle": {"archivo": "20261007-060520-159", "modelo": "gemma4:e2b-it-qat", "segundos": 7.5, "propuesta": {"tipo": "charla", "persona": "", "fecha_texto": "", "proyecto": "", "bloqueo": "", "animo": "normal"}, "fecha_calculada": ""}}
{"cuando": "2026-10-07T06:05:36", "accion": "voz_error", "detalle": {"via": "opencode", "error": "TimeoutError", "segundos": 8.0}}
{"cuando": "2026-10-07T06:05:44", "accion": "voz", "detalle": {"via": "gemma", "segundos": 7.5, "respuesta": "Ay, tranquilo. Ya desperté para verte, ¿qué te trae por aquí tan temprano?"}}
{"cuando": "2026-10-07T06:13:01", "accion": "clasificar", "detalle": {"archivo": "20261007-061254-161", "modelo": "gemma4:e2b-it-qat", "segundos": 7.1, "propuesta": {"tipo": "charla", "persona": "", "fecha_texto": "", "proyecto": "", "bloqueo": "", "animo": "normal"}, "fecha_calculada": ""}}
{"cuando": "2026-10-07T06:13:06", "accion": "voz", "detalle": {"via": "opencode", "segundos": 4.9, "respuesta": "Fresca a las 6 de la mañana y tú ahí, de crítico madrugador. ¿Qué necesitas, jefe?"}}
